// Jest Snapshot v1, https://goo.gl/fbAQLP

exports[`AdminMentorCard matches the snapshot 1`] = `
ShallowWrapper {
  Symbol(enzyme.__root__): [Circular],
  Symbol(enzyme.__unrendered__): <AdminMentorCard />,
  Symbol(enzyme.__renderer__): Object {
    "batchedUpdates": [Function],
    "getNode": [Function],
    "render": [Function],
    "simulateError": [Function],
    "simulateEvent": [Function],
    "unmount": [Function],
  },
  Symbol(enzyme.__node__): Object {
    "instance": null,
    "key": undefined,
    "nodeType": "host",
    "props": Object {
      "children": Array [
        <h1
          className="amc-record-item"
        >
          PICTURE!!
        </h1>,
        <h1
          className="amc-record-item"
        >
          GodCaseyJesus
        </h1>,
        <h1
          className="amc-record-item"
        >
          Front-End
        </h1>,
        <div
          className="amc-record-item"
        >
          <img
            alt="veteran preference indicator"
            className="amc-pref-icon"
            src={
              Object {
                "ReactComponent": [Function],
                "__esModule": true,
                "default": "veteran.svg",
              }
            }
          />
          <img
            alt="parent preference indicator"
            className="amc-pref-icon"
            src={
              Object {
                "ReactComponent": [Function],
                "__esModule": true,
                "default": "parent.svg",
              }
            }
          />
          <img
            alt="lgbtq preference indicator"
            className="amc-pref-icon"
            src={
              Object {
                "ReactComponent": [Function],
                "__esModule": true,
                "default": "lgbtq.svg",
              }
            }
          />
          <img
            alt="female preference indicator"
            className="amc-pref-icon"
            src={
              Object {
                "ReactComponent": [Function],
                "__esModule": true,
                "default": "female.svg",
              }
            }
          />
          <img
            alt="male preference indicator"
            className="amc-pref-icon"
            src={
              Object {
                "ReactComponent": [Function],
                "__esModule": true,
                "default": "male.svg",
              }
            }
          />
        </div>,
        <div
          className="amc-record-item amc-view-edit"
        >
          <img
            alt="Click to View or Edit Mentor"
            className="amc-pref-icon"
            src={
              Object {
                "ReactComponent": [Function],
                "__esModule": true,
                "default": "eye.svg",
              }
            }
          />
          <h1
            className="amc-slash"
          >
            /
          </h1>
          <img
            alt="Click to View or Edit Mentor"
            className="amc-pref-icon"
            src={
              Object {
                "ReactComponent": [Function],
                "__esModule": true,
                "default": "pencil.svg",
              }
            }
          />
        </div>,
      ],
      "className": "amc-card",
    },
    "ref": null,
    "rendered": Array [
      Object {
        "instance": null,
        "key": undefined,
        "nodeType": "host",
        "props": Object {
          "children": "PICTURE!!",
          "className": "amc-record-item",
        },
        "ref": null,
        "rendered": "PICTURE!!",
        "type": "h1",
      },
      Object {
        "instance": null,
        "key": undefined,
        "nodeType": "host",
        "props": Object {
          "children": "GodCaseyJesus",
          "className": "amc-record-item",
        },
        "ref": null,
        "rendered": "GodCaseyJesus",
        "type": "h1",
      },
      Object {
        "instance": null,
        "key": undefined,
        "nodeType": "host",
        "props": Object {
          "children": "Front-End",
          "className": "amc-record-item",
        },
        "ref": null,
        "rendered": "Front-End",
        "type": "h1",
      },
      Object {
        "instance": null,
        "key": undefined,
        "nodeType": "host",
        "props": Object {
          "children": Array [
            <img
              alt="veteran preference indicator"
              className="amc-pref-icon"
              src={
                Object {
                  "ReactComponent": [Function],
                  "__esModule": true,
                  "default": "veteran.svg",
                }
              }
            />,
            <img
              alt="parent preference indicator"
              className="amc-pref-icon"
              src={
                Object {
                  "ReactComponent": [Function],
                  "__esModule": true,
                  "default": "parent.svg",
                }
              }
            />,
            <img
              alt="lgbtq preference indicator"
              className="amc-pref-icon"
              src={
                Object {
                  "ReactComponent": [Function],
                  "__esModule": true,
                  "default": "lgbtq.svg",
                }
              }
            />,
            <img
              alt="female preference indicator"
              className="amc-pref-icon"
              src={
                Object {
                  "ReactComponent": [Function],
                  "__esModule": true,
                  "default": "female.svg",
                }
              }
            />,
            <img
              alt="male preference indicator"
              className="amc-pref-icon"
              src={
                Object {
                  "ReactComponent": [Function],
                  "__esModule": true,
                  "default": "male.svg",
                }
              }
            />,
          ],
          "className": "amc-record-item",
        },
        "ref": null,
        "rendered": Array [
          Object {
            "instance": null,
            "key": undefined,
            "nodeType": "host",
            "props": Object {
              "alt": "veteran preference indicator",
              "className": "amc-pref-icon",
              "src": Object {
                "ReactComponent": [Function],
                "__esModule": true,
                "default": "veteran.svg",
              },
            },
            "ref": null,
            "rendered": null,
            "type": "img",
          },
          Object {
            "instance": null,
            "key": undefined,
            "nodeType": "host",
            "props": Object {
              "alt": "parent preference indicator",
              "className": "amc-pref-icon",
              "src": Object {
                "ReactComponent": [Function],
                "__esModule": true,
                "default": "parent.svg",
              },
            },
            "ref": null,
            "rendered": null,
            "type": "img",
          },
          Object {
            "instance": null,
            "key": undefined,
            "nodeType": "host",
            "props": Object {
              "alt": "lgbtq preference indicator",
              "className": "amc-pref-icon",
              "src": Object {
                "ReactComponent": [Function],
                "__esModule": true,
                "default": "lgbtq.svg",
              },
            },
            "ref": null,
            "rendered": null,
            "type": "img",
          },
          Object {
            "instance": null,
            "key": undefined,
            "nodeType": "host",
            "props": Object {
              "alt": "female preference indicator",
              "className": "amc-pref-icon",
              "src": Object {
                "ReactComponent": [Function],
                "__esModule": true,
                "default": "female.svg",
              },
            },
            "ref": null,
            "rendered": null,
            "type": "img",
          },
          Object {
            "instance": null,
            "key": undefined,
            "nodeType": "host",
            "props": Object {
              "alt": "male preference indicator",
              "className": "amc-pref-icon",
              "src": Object {
                "ReactComponent": [Function],
                "__esModule": true,
                "default": "male.svg",
              },
            },
            "ref": null,
            "rendered": null,
            "type": "img",
          },
        ],
        "type": "div",
      },
      Object {
        "instance": null,
        "key": undefined,
        "nodeType": "host",
        "props": Object {
          "children": Array [
            <img
              alt="Click to View or Edit Mentor"
              className="amc-pref-icon"
              src={
                Object {
                  "ReactComponent": [Function],
                  "__esModule": true,
                  "default": "eye.svg",
                }
              }
            />,
            <h1
              className="amc-slash"
            >
              /
            </h1>,
            <img
              alt="Click to View or Edit Mentor"
              className="amc-pref-icon"
              src={
                Object {
                  "ReactComponent": [Function],
                  "__esModule": true,
                  "default": "pencil.svg",
                }
              }
            />,
          ],
          "className": "amc-record-item amc-view-edit",
        },
        "ref": null,
        "rendered": Array [
          Object {
            "instance": null,
            "key": undefined,
            "nodeType": "host",
            "props": Object {
              "alt": "Click to View or Edit Mentor",
              "className": "amc-pref-icon",
              "src": Object {
                "ReactComponent": [Function],
                "__esModule": true,
                "default": "eye.svg",
              },
            },
            "ref": null,
            "rendered": null,
            "type": "img",
          },
          Object {
            "instance": null,
            "key": undefined,
            "nodeType": "host",
            "props": Object {
              "children": "/",
              "className": "amc-slash",
            },
            "ref": null,
            "rendered": "/",
            "type": "h1",
          },
          Object {
            "instance": null,
            "key": undefined,
            "nodeType": "host",
            "props": Object {
              "alt": "Click to View or Edit Mentor",
              "className": "amc-pref-icon",
              "src": Object {
                "ReactComponent": [Function],
                "__esModule": true,
                "default": "pencil.svg",
              },
            },
            "ref": null,
            "rendered": null,
            "type": "img",
          },
        ],
        "type": "div",
      },
    ],
    "type": "div",
  },
  Symbol(enzyme.__nodes__): Array [
    Object {
      "instance": null,
      "key": undefined,
      "nodeType": "host",
      "props": Object {
        "children": Array [
          <h1
            className="amc-record-item"
          >
            PICTURE!!
          </h1>,
          <h1
            className="amc-record-item"
          >
            GodCaseyJesus
          </h1>,
          <h1
            className="amc-record-item"
          >
            Front-End
          </h1>,
          <div
            className="amc-record-item"
          >
            <img
              alt="veteran preference indicator"
              className="amc-pref-icon"
              src={
                Object {
                  "ReactComponent": [Function],
                  "__esModule": true,
                  "default": "veteran.svg",
                }
              }
            />
            <img
              alt="parent preference indicator"
              className="amc-pref-icon"
              src={
                Object {
                  "ReactComponent": [Function],
                  "__esModule": true,
                  "default": "parent.svg",
                }
              }
            />
            <img
              alt="lgbtq preference indicator"
              className="amc-pref-icon"
              src={
                Object {
                  "ReactComponent": [Function],
                  "__esModule": true,
                  "default": "lgbtq.svg",
                }
              }
            />
            <img
              alt="female preference indicator"
              className="amc-pref-icon"
              src={
                Object {
                  "ReactComponent": [Function],
                  "__esModule": true,
                  "default": "female.svg",
                }
              }
            />
            <img
              alt="male preference indicator"
              className="amc-pref-icon"
              src={
                Object {
                  "ReactComponent": [Function],
                  "__esModule": true,
                  "default": "male.svg",
                }
              }
            />
          </div>,
          <div
            className="amc-record-item amc-view-edit"
          >
            <img
              alt="Click to View or Edit Mentor"
              className="amc-pref-icon"
              src={
                Object {
                  "ReactComponent": [Function],
                  "__esModule": true,
                  "default": "eye.svg",
                }
              }
            />
            <h1
              className="amc-slash"
            >
              /
            </h1>
            <img
              alt="Click to View or Edit Mentor"
              className="amc-pref-icon"
              src={
                Object {
                  "ReactComponent": [Function],
                  "__esModule": true,
                  "default": "pencil.svg",
                }
              }
            />
          </div>,
        ],
        "className": "amc-card",
      },
      "ref": null,
      "rendered": Array [
        Object {
          "instance": null,
          "key": undefined,
          "nodeType": "host",
          "props": Object {
            "children": "PICTURE!!",
            "className": "amc-record-item",
          },
          "ref": null,
          "rendered": "PICTURE!!",
          "type": "h1",
        },
        Object {
          "instance": null,
          "key": undefined,
          "nodeType": "host",
          "props": Object {
            "children": "GodCaseyJesus",
            "className": "amc-record-item",
          },
          "ref": null,
          "rendered": "GodCaseyJesus",
          "type": "h1",
        },
        Object {
          "instance": null,
          "key": undefined,
          "nodeType": "host",
          "props": Object {
            "children": "Front-End",
            "className": "amc-record-item",
          },
          "ref": null,
          "rendered": "Front-End",
          "type": "h1",
        },
        Object {
          "instance": null,
          "key": undefined,
          "nodeType": "host",
          "props": Object {
            "children": Array [
              <img
                alt="veteran preference indicator"
                className="amc-pref-icon"
                src={
                  Object {
                    "ReactComponent": [Function],
                    "__esModule": true,
                    "default": "veteran.svg",
                  }
                }
              />,
              <img
                alt="parent preference indicator"
                className="amc-pref-icon"
                src={
                  Object {
                    "ReactComponent": [Function],
                    "__esModule": true,
                    "default": "parent.svg",
                  }
                }
              />,
              <img
                alt="lgbtq preference indicator"
                className="amc-pref-icon"
                src={
                  Object {
                    "ReactComponent": [Function],
                    "__esModule": true,
                    "default": "lgbtq.svg",
                  }
                }
              />,
              <img
                alt="female preference indicator"
                className="amc-pref-icon"
                src={
                  Object {
                    "ReactComponent": [Function],
                    "__esModule": true,
                    "default": "female.svg",
                  }
                }
              />,
              <img
                alt="male preference indicator"
                className="amc-pref-icon"
                src={
                  Object {
                    "ReactComponent": [Function],
                    "__esModule": true,
                    "default": "male.svg",
                  }
                }
              />,
            ],
            "className": "amc-record-item",
          },
          "ref": null,
          "rendered": Array [
            Object {
              "instance": null,
              "key": undefined,
              "nodeType": "host",
              "props": Object {
                "alt": "veteran preference indicator",
                "className": "amc-pref-icon",
                "src": Object {
                  "ReactComponent": [Function],
                  "__esModule": true,
                  "default": "veteran.svg",
                },
              },
              "ref": null,
              "rendered": null,
              "type": "img",
            },
            Object {
              "instance": null,
              "key": undefined,
              "nodeType": "host",
              "props": Object {
                "alt": "parent preference indicator",
                "className": "amc-pref-icon",
                "src": Object {
                  "ReactComponent": [Function],
                  "__esModule": true,
                  "default": "parent.svg",
                },
              },
              "ref": null,
              "rendered": null,
              "type": "img",
            },
            Object {
              "instance": null,
              "key": undefined,
              "nodeType": "host",
              "props": Object {
                "alt": "lgbtq preference indicator",
                "className": "amc-pref-icon",
                "src": Object {
                  "ReactComponent": [Function],
                  "__esModule": true,
                  "default": "lgbtq.svg",
                },
              },
              "ref": null,
              "rendered": null,
              "type": "img",
            },
            Object {
              "instance": null,
              "key": undefined,
              "nodeType": "host",
              "props": Object {
                "alt": "female preference indicator",
                "className": "amc-pref-icon",
                "src": Object {
                  "ReactComponent": [Function],
                  "__esModule": true,
                  "default": "female.svg",
                },
              },
              "ref": null,
              "rendered": null,
              "type": "img",
            },
            Object {
              "instance": null,
              "key": undefined,
              "nodeType": "host",
              "props": Object {
                "alt": "male preference indicator",
                "className": "amc-pref-icon",
                "src": Object {
                  "ReactComponent": [Function],
                  "__esModule": true,
                  "default": "male.svg",
                },
              },
              "ref": null,
              "rendered": null,
              "type": "img",
            },
          ],
          "type": "div",
        },
        Object {
          "instance": null,
          "key": undefined,
          "nodeType": "host",
          "props": Object {
            "children": Array [
              <img
                alt="Click to View or Edit Mentor"
                className="amc-pref-icon"
                src={
                  Object {
                    "ReactComponent": [Function],
                    "__esModule": true,
                    "default": "eye.svg",
                  }
                }
              />,
              <h1
                className="amc-slash"
              >
                /
              </h1>,
              <img
                alt="Click to View or Edit Mentor"
                className="amc-pref-icon"
                src={
                  Object {
                    "ReactComponent": [Function],
                    "__esModule": true,
                    "default": "pencil.svg",
                  }
                }
              />,
            ],
            "className": "amc-record-item amc-view-edit",
          },
          "ref": null,
          "rendered": Array [
            Object {
              "instance": null,
              "key": undefined,
              "nodeType": "host",
              "props": Object {
                "alt": "Click to View or Edit Mentor",
                "className": "amc-pref-icon",
                "src": Object {
                  "ReactComponent": [Function],
                  "__esModule": true,
                  "default": "eye.svg",
                },
              },
              "ref": null,
              "rendered": null,
              "type": "img",
            },
            Object {
              "instance": null,
              "key": undefined,
              "nodeType": "host",
              "props": Object {
                "children": "/",
                "className": "amc-slash",
              },
              "ref": null,
              "rendered": "/",
              "type": "h1",
            },
            Object {
              "instance": null,
              "key": undefined,
              "nodeType": "host",
              "props": Object {
                "alt": "Click to View or Edit Mentor",
                "className": "amc-pref-icon",
                "src": Object {
                  "ReactComponent": [Function],
                  "__esModule": true,
                  "default": "pencil.svg",
                },
              },
              "ref": null,
              "rendered": null,
              "type": "img",
            },
          ],
          "type": "div",
        },
      ],
      "type": "div",
    },
  ],
  Symbol(enzyme.__options__): Object {
    "adapter": ReactSixteenAdapter {
      "options": Object {
        "enableComponentDidUpdateOnSetState": true,
        "lifecycles": Object {
          "componentDidUpdate": Object {
            "onSetState": true,
          },
          "getDerivedStateFromProps": true,
          "getSnapshotBeforeUpdate": true,
          "setState": Object {
            "skipsComponentDidUpdateOnNullish": true,
          },
        },
      },
    },
  },
}
`;
