// Jest Snapshot v1, https://goo.gl/fbAQLP

exports[`MentorContainer matches the snapshot 1`] = `
ShallowWrapper {
  Symbol(enzyme.__root__): [Circular],
  Symbol(enzyme.__unrendered__): <MentorContainer
    mentorFilters={
      Object {
        "backEnd": false,
        "female": false,
        "frontEnd": true,
        "lgbtq": false,
        "male": false,
        "parent": false,
        "veteran": false,
      }
    }
    mentors={
      Array [
        Object {
          "identity_preference": Array [
            "female-identifying",
          ],
          "meeting_location": "Remote",
          "name": "Casey",
          "stack_preference": "Front-End",
        },
        Object {
          "identity_preference": Array [
            "male-identifying",
          ],
          "meeting_location": "Denver",
          "name": "Alex",
          "stack_preference": "Back-End",
        },
      ]
    }
  />,
  Symbol(enzyme.__renderer__): Object {
    "batchedUpdates": [Function],
    "getNode": [Function],
    "render": [Function],
    "simulateError": [Function],
    "simulateEvent": [Function],
    "unmount": [Function],
  },
  Symbol(enzyme.__node__): Object {
    "instance": null,
    "key": undefined,
    "nodeType": "host",
    "props": Object {
      "children": Array [
        <header
          className="mc-header"
        >
          <div
            className="mc-nav-btns"
          >
            <img
              alt="Turing Logo"
              className="mc-turing-logo"
              src="turing-full-black.png"
            />
            <div
              className="mc-github-btn"
            >
              <a
                className="mc-gh-tagline"
                href="https://github.com/login/oauth/authorize?client_id=81ef33f7e5b1e21f0162&scope=repo"
              >
                Sign in with GitHub
              </a>
              <img
                alt="GitHub Logo"
                className="mc-github-logo"
                src={
                  Object {
                    "ReactComponent": [Function],
                    "__esModule": true,
                    "default": "github-logo.svg",
                  }
                }
              />
            </div>
          </div>
          <div
            className="mc-title"
          >
            <h1
              className="mc-title-text"
            >
              Mentor Profiles
            </h1>
            <div
              className="mc-line-break"
            />
            <p
              className="mc-tagline"
            >
              Browse current mentors to find your match!
            </p>
          </div>
        </header>,
        <Connect(Search) />,
        <div
          className="mc-card-container"
        />,
      ],
    },
    "ref": null,
    "rendered": Array [
      Object {
        "instance": null,
        "key": undefined,
        "nodeType": "host",
        "props": Object {
          "children": Array [
            <div
              className="mc-nav-btns"
            >
              <img
                alt="Turing Logo"
                className="mc-turing-logo"
                src="turing-full-black.png"
              />
              <div
                className="mc-github-btn"
              >
                <a
                  className="mc-gh-tagline"
                  href="https://github.com/login/oauth/authorize?client_id=81ef33f7e5b1e21f0162&scope=repo"
                >
                  Sign in with GitHub
                </a>
                <img
                  alt="GitHub Logo"
                  className="mc-github-logo"
                  src={
                    Object {
                      "ReactComponent": [Function],
                      "__esModule": true,
                      "default": "github-logo.svg",
                    }
                  }
                />
              </div>
            </div>,
            <div
              className="mc-title"
            >
              <h1
                className="mc-title-text"
              >
                Mentor Profiles
              </h1>
              <div
                className="mc-line-break"
              />
              <p
                className="mc-tagline"
              >
                Browse current mentors to find your match!
              </p>
            </div>,
          ],
          "className": "mc-header",
        },
        "ref": null,
        "rendered": Array [
          Object {
            "instance": null,
            "key": undefined,
            "nodeType": "host",
            "props": Object {
              "children": Array [
                <img
                  alt="Turing Logo"
                  className="mc-turing-logo"
                  src="turing-full-black.png"
                />,
                <div
                  className="mc-github-btn"
                >
                  <a
                    className="mc-gh-tagline"
                    href="https://github.com/login/oauth/authorize?client_id=81ef33f7e5b1e21f0162&scope=repo"
                  >
                    Sign in with GitHub
                  </a>
                  <img
                    alt="GitHub Logo"
                    className="mc-github-logo"
                    src={
                      Object {
                        "ReactComponent": [Function],
                        "__esModule": true,
                        "default": "github-logo.svg",
                      }
                    }
                  />
                </div>,
              ],
              "className": "mc-nav-btns",
            },
            "ref": null,
            "rendered": Array [
              Object {
                "instance": null,
                "key": undefined,
                "nodeType": "host",
                "props": Object {
                  "alt": "Turing Logo",
                  "className": "mc-turing-logo",
                  "src": "turing-full-black.png",
                },
                "ref": null,
                "rendered": null,
                "type": "img",
              },
              Object {
                "instance": null,
                "key": undefined,
                "nodeType": "host",
                "props": Object {
                  "children": Array [
                    <a
                      className="mc-gh-tagline"
                      href="https://github.com/login/oauth/authorize?client_id=81ef33f7e5b1e21f0162&scope=repo"
                    >
                      Sign in with GitHub
                    </a>,
                    <img
                      alt="GitHub Logo"
                      className="mc-github-logo"
                      src={
                        Object {
                          "ReactComponent": [Function],
                          "__esModule": true,
                          "default": "github-logo.svg",
                        }
                      }
                    />,
                  ],
                  "className": "mc-github-btn",
                },
                "ref": null,
                "rendered": Array [
                  Object {
                    "instance": null,
                    "key": undefined,
                    "nodeType": "host",
                    "props": Object {
                      "children": "Sign in with GitHub",
                      "className": "mc-gh-tagline",
                      "href": "https://github.com/login/oauth/authorize?client_id=81ef33f7e5b1e21f0162&scope=repo",
                    },
                    "ref": null,
                    "rendered": "Sign in with GitHub",
                    "type": "a",
                  },
                  Object {
                    "instance": null,
                    "key": undefined,
                    "nodeType": "host",
                    "props": Object {
                      "alt": "GitHub Logo",
                      "className": "mc-github-logo",
                      "src": Object {
                        "ReactComponent": [Function],
                        "__esModule": true,
                        "default": "github-logo.svg",
                      },
                    },
                    "ref": null,
                    "rendered": null,
                    "type": "img",
                  },
                ],
                "type": "div",
              },
            ],
            "type": "div",
          },
          Object {
            "instance": null,
            "key": undefined,
            "nodeType": "host",
            "props": Object {
              "children": Array [
                <h1
                  className="mc-title-text"
                >
                  Mentor Profiles
                </h1>,
                <div
                  className="mc-line-break"
                />,
                <p
                  className="mc-tagline"
                >
                  Browse current mentors to find your match!
                </p>,
              ],
              "className": "mc-title",
            },
            "ref": null,
            "rendered": Array [
              Object {
                "instance": null,
                "key": undefined,
                "nodeType": "host",
                "props": Object {
                  "children": "Mentor Profiles",
                  "className": "mc-title-text",
                },
                "ref": null,
                "rendered": "Mentor Profiles",
                "type": "h1",
              },
              Object {
                "instance": null,
                "key": undefined,
                "nodeType": "host",
                "props": Object {
                  "className": "mc-line-break",
                },
                "ref": null,
                "rendered": null,
                "type": "div",
              },
              Object {
                "instance": null,
                "key": undefined,
                "nodeType": "host",
                "props": Object {
                  "children": "Browse current mentors to find your match!",
                  "className": "mc-tagline",
                },
                "ref": null,
                "rendered": "Browse current mentors to find your match!",
                "type": "p",
              },
            ],
            "type": "div",
          },
        ],
        "type": "header",
      },
      Object {
        "instance": null,
        "key": undefined,
        "nodeType": "class",
        "props": Object {},
        "ref": null,
        "rendered": null,
        "type": [Function],
      },
      Object {
        "instance": null,
        "key": undefined,
        "nodeType": "host",
        "props": Object {
          "children": Array [],
          "className": "mc-card-container",
        },
        "ref": null,
        "rendered": Array [],
        "type": "div",
      },
    ],
    "type": "div",
  },
  Symbol(enzyme.__nodes__): Array [
    Object {
      "instance": null,
      "key": undefined,
      "nodeType": "host",
      "props": Object {
        "children": Array [
          <header
            className="mc-header"
          >
            <div
              className="mc-nav-btns"
            >
              <img
                alt="Turing Logo"
                className="mc-turing-logo"
                src="turing-full-black.png"
              />
              <div
                className="mc-github-btn"
              >
                <a
                  className="mc-gh-tagline"
                  href="https://github.com/login/oauth/authorize?client_id=81ef33f7e5b1e21f0162&scope=repo"
                >
                  Sign in with GitHub
                </a>
                <img
                  alt="GitHub Logo"
                  className="mc-github-logo"
                  src={
                    Object {
                      "ReactComponent": [Function],
                      "__esModule": true,
                      "default": "github-logo.svg",
                    }
                  }
                />
              </div>
            </div>
            <div
              className="mc-title"
            >
              <h1
                className="mc-title-text"
              >
                Mentor Profiles
              </h1>
              <div
                className="mc-line-break"
              />
              <p
                className="mc-tagline"
              >
                Browse current mentors to find your match!
              </p>
            </div>
          </header>,
          <Connect(Search) />,
          <div
            className="mc-card-container"
          />,
        ],
      },
      "ref": null,
      "rendered": Array [
        Object {
          "instance": null,
          "key": undefined,
          "nodeType": "host",
          "props": Object {
            "children": Array [
              <div
                className="mc-nav-btns"
              >
                <img
                  alt="Turing Logo"
                  className="mc-turing-logo"
                  src="turing-full-black.png"
                />
                <div
                  className="mc-github-btn"
                >
                  <a
                    className="mc-gh-tagline"
                    href="https://github.com/login/oauth/authorize?client_id=81ef33f7e5b1e21f0162&scope=repo"
                  >
                    Sign in with GitHub
                  </a>
                  <img
                    alt="GitHub Logo"
                    className="mc-github-logo"
                    src={
                      Object {
                        "ReactComponent": [Function],
                        "__esModule": true,
                        "default": "github-logo.svg",
                      }
                    }
                  />
                </div>
              </div>,
              <div
                className="mc-title"
              >
                <h1
                  className="mc-title-text"
                >
                  Mentor Profiles
                </h1>
                <div
                  className="mc-line-break"
                />
                <p
                  className="mc-tagline"
                >
                  Browse current mentors to find your match!
                </p>
              </div>,
            ],
            "className": "mc-header",
          },
          "ref": null,
          "rendered": Array [
            Object {
              "instance": null,
              "key": undefined,
              "nodeType": "host",
              "props": Object {
                "children": Array [
                  <img
                    alt="Turing Logo"
                    className="mc-turing-logo"
                    src="turing-full-black.png"
                  />,
                  <div
                    className="mc-github-btn"
                  >
                    <a
                      className="mc-gh-tagline"
                      href="https://github.com/login/oauth/authorize?client_id=81ef33f7e5b1e21f0162&scope=repo"
                    >
                      Sign in with GitHub
                    </a>
                    <img
                      alt="GitHub Logo"
                      className="mc-github-logo"
                      src={
                        Object {
                          "ReactComponent": [Function],
                          "__esModule": true,
                          "default": "github-logo.svg",
                        }
                      }
                    />
                  </div>,
                ],
                "className": "mc-nav-btns",
              },
              "ref": null,
              "rendered": Array [
                Object {
                  "instance": null,
                  "key": undefined,
                  "nodeType": "host",
                  "props": Object {
                    "alt": "Turing Logo",
                    "className": "mc-turing-logo",
                    "src": "turing-full-black.png",
                  },
                  "ref": null,
                  "rendered": null,
                  "type": "img",
                },
                Object {
                  "instance": null,
                  "key": undefined,
                  "nodeType": "host",
                  "props": Object {
                    "children": Array [
                      <a
                        className="mc-gh-tagline"
                        href="https://github.com/login/oauth/authorize?client_id=81ef33f7e5b1e21f0162&scope=repo"
                      >
                        Sign in with GitHub
                      </a>,
                      <img
                        alt="GitHub Logo"
                        className="mc-github-logo"
                        src={
                          Object {
                            "ReactComponent": [Function],
                            "__esModule": true,
                            "default": "github-logo.svg",
                          }
                        }
                      />,
                    ],
                    "className": "mc-github-btn",
                  },
                  "ref": null,
                  "rendered": Array [
                    Object {
                      "instance": null,
                      "key": undefined,
                      "nodeType": "host",
                      "props": Object {
                        "children": "Sign in with GitHub",
                        "className": "mc-gh-tagline",
                        "href": "https://github.com/login/oauth/authorize?client_id=81ef33f7e5b1e21f0162&scope=repo",
                      },
                      "ref": null,
                      "rendered": "Sign in with GitHub",
                      "type": "a",
                    },
                    Object {
                      "instance": null,
                      "key": undefined,
                      "nodeType": "host",
                      "props": Object {
                        "alt": "GitHub Logo",
                        "className": "mc-github-logo",
                        "src": Object {
                          "ReactComponent": [Function],
                          "__esModule": true,
                          "default": "github-logo.svg",
                        },
                      },
                      "ref": null,
                      "rendered": null,
                      "type": "img",
                    },
                  ],
                  "type": "div",
                },
              ],
              "type": "div",
            },
            Object {
              "instance": null,
              "key": undefined,
              "nodeType": "host",
              "props": Object {
                "children": Array [
                  <h1
                    className="mc-title-text"
                  >
                    Mentor Profiles
                  </h1>,
                  <div
                    className="mc-line-break"
                  />,
                  <p
                    className="mc-tagline"
                  >
                    Browse current mentors to find your match!
                  </p>,
                ],
                "className": "mc-title",
              },
              "ref": null,
              "rendered": Array [
                Object {
                  "instance": null,
                  "key": undefined,
                  "nodeType": "host",
                  "props": Object {
                    "children": "Mentor Profiles",
                    "className": "mc-title-text",
                  },
                  "ref": null,
                  "rendered": "Mentor Profiles",
                  "type": "h1",
                },
                Object {
                  "instance": null,
                  "key": undefined,
                  "nodeType": "host",
                  "props": Object {
                    "className": "mc-line-break",
                  },
                  "ref": null,
                  "rendered": null,
                  "type": "div",
                },
                Object {
                  "instance": null,
                  "key": undefined,
                  "nodeType": "host",
                  "props": Object {
                    "children": "Browse current mentors to find your match!",
                    "className": "mc-tagline",
                  },
                  "ref": null,
                  "rendered": "Browse current mentors to find your match!",
                  "type": "p",
                },
              ],
              "type": "div",
            },
          ],
          "type": "header",
        },
        Object {
          "instance": null,
          "key": undefined,
          "nodeType": "class",
          "props": Object {},
          "ref": null,
          "rendered": null,
          "type": [Function],
        },
        Object {
          "instance": null,
          "key": undefined,
          "nodeType": "host",
          "props": Object {
            "children": Array [],
            "className": "mc-card-container",
          },
          "ref": null,
          "rendered": Array [],
          "type": "div",
        },
      ],
      "type": "div",
    },
  ],
  Symbol(enzyme.__options__): Object {
    "adapter": ReactSixteenAdapter {
      "options": Object {
        "enableComponentDidUpdateOnSetState": true,
        "lifecycles": Object {
          "componentDidUpdate": Object {
            "onSetState": true,
          },
          "getDerivedStateFromProps": true,
          "getSnapshotBeforeUpdate": true,
          "setState": Object {
            "skipsComponentDidUpdateOnNullish": true,
          },
        },
      },
    },
  },
}
`;
